// Jest Snapshot v1, https://goo.gl/fbAQLP

exports[`Check the rendering DrawableRectangle Add a rectangle to canvas Draw rectangle with xCenter = 300, yCenter = 300 having width = 100, height = 200 and yellow color 1`] = `"data:image/png;base64,iVBORw0KGgoAAAANSUhEUgAABBUAAAJYCAYAAAA9l96PAAAABmJLR0QA/wD/AP+gvaeTAAALZklEQVR4nO3YsQ2AMAADwYT9dw4lDdULFIHuJnDl4scAAAAAAAAAAAAAAAAAAAAAAAAAAAAAAAAAAAAAAAAAAAAAAAAAAAAAAAAAAAAAAAAAAAAAAAAAAAAAAAAAAAAAAAAAAAAAAAAAAAAAAAAAAAAAAAAAAAAAAAAAAAAAAAAAAAAAAAAAAAAAAAAAAAAAAAAAAAAAAAAAAAAAAAAAAAAAAAAAAAAAAAAAAAAAAAAAAAAAAAAAAAAAAAAAAAAAAAAAAAAAAAAAAAAAAAAAAAAAAAAAAAAAAAAAAAAAAAAAAAAAAAAAAAAAAAAAAAAAAAAAAAAAAAAAAAAAAAAAAAAAAAAAAAAAAAAAAAAAAAAAAAAAAAAAAAAAAAAAAAAAAAAAAAAAAAAAAAAAAAAAAAAAAAAAAAAAAAAAAAAAAAAAAAAAAAAAAAAAAAAAAAAAAAAAAAAAAAAAAAAAAAAAAAAAAAAAAAAAAAAAAAAAAAAAAAAAAAAAAAAAAAAAAAAAAAAAAAAAAAAAAAAAAAAAAAAAAAAAAAAAAAAAAAAAAAAAAAAAAAAAAAAAAAAAAAAAAAAAAAAAAAAAAAAAAAAAAAAAAAAAAAAAAAAAAAAAAAAAAAAAAAAAAAAAAAAAAAAAAAAAAAAAAAAAAAAAAAAAAAAAAAAAAAAAAAAAAAAAAAAAAAAAAAAAAAAAAAAAAAAAAAAAAAAAAAAAAAAAAAAAAAAAAAAAAAAAAAAAAAAAAAAAAAAAAAAAAAAAAAAAAAAAAAAAAAAAAAAAAAAAAAAAAAAAAAAAAAAAAAAAAAAAAAAAAAAAAAAAAAAAAAAAAAAAAAAAAAAAAAAAAAAAAAAAAAAAAAAAAAAAAAAAAAAAAAAAAAAAAAAAAAAAAAAAAAAAAAAAAAAAAAAAAAAAAAAAAAAAAAAAAAAAAAAAAAAAAAAAAAAAAAAAAAAAAAAAAAAAAAAAAAAAAAAAAAAAAAAAAAAAAAAAAAAAAAAAAAAAAAAAAAAAAAAAAAAAAAAAAAAAAAAAAAAAAAAAAAAAAAAAAAAAAAAAAAAAAAAAAAAAAAAAAAAAAAAAAAAAAAAAAAAAAAAAAAAAAAAAAAAAAAAAAAAAAAAAAAAAAADgztw9AHjfWmPt3sBlTt8LAMA/HLsHAAAAAN8kKgAAAACJqAAAAAAkogIAAACQiAoAAABAIioAAAAAiagAAAAAJKICAAAAkIgKAAAAQCIqAAAAAImoAAAAACSiAgAAAJCICgAAAEAiKgAAAACJqAAAAAAkogIAAACQiAoAAABAIioAAAAAiagAAAAAJKICAAAAkIgKAAAAQCIqAAAAAImoAAAAACSiAgAAAJCICgAAAEAiKgAAAACJqAAAAAAkogIAAACQiAoAAABAIioAAAAAiagAAAAAJKICAAAAkIgKAAAAQCIqAAAAAImoAAAAACSiAgAAAJCICgAAAEAiKgAAAACJqAAAAAAkogIAAACQiAoAAABAIioAAAAAiagAAAAAJKICAAAAkIgKAAAAQCIqAAAAAImoAAAAACSiAgAAAJCICgAAAEAiKgAAAACJqAAAAAAkogIAAACQiAoAAABAIioAAAAAiagAAAAAJKICAAAAkIgKAAAAQCIqAAAAAImoAAAAACSiAgAAAJCICgAAAEAiKgAAAACJqAAAAAAkogIAAACQiAoAAABAIioAAAAAiagAAAAAJKICAAAAkIgKAAAAQCIqAAAAAImoAAAAACSiAgAAAJCICgAAAEAiKgAAAACJqAAAAAAkogIAAACQiAoAAABAIioAAAAAiagAAAAAJKICAAAAkIgKAAAAQCIqAAAAAImoAAAAACSiAgAAAJCICgAAAEAiKgAAAACJqAAAAAAkogIAAACQiAoAAABAIioAAAAAiagAAAAAJKICAAAAkIgKAAAAQCIqAAAAAImoAAAAACSiAgAAAJCICgAAAEAiKgAAAACJqAAAAAAkogIAAACQiAoAAABAIioAAAAAiagAAAAAJKICAAAAkIgKAAAAQCIqAAAAAImoAAAAACSiAgAAAJCICgAAAEAiKgAAAACJqAAAAAAkogIAAACQiAoAAABAIioAAAAAiagAAAAAJKICAAAAkIgKAAAAQCIqAAAAAImoAAAAACSiAgAAAJCICgAAAEAiKgAAAACJqAAAAAAkogIAAACQiAoAAABAIioAAAAAiagAAAAAJKICAAAAkIgKAAAAQCIqAAAAAImoAAAAACSiAgAAAJCICgAAAEAiKgAAAACJqAAAAAAkogIAAACQiAoAAABAIioAAAAAiagAAAAAJKICAAAAkIgKAAAAQCIqAAAAAImoAAAAACSiAgAAAJCICgAAAEAiKgAAAACJqAAAAAAkogIAAACQiAoAAABAIioAAAAAiagAAAAAJKICAAAAkIgKAAAAQCIqAAAAAImoAAAAACSiAgAAAJCICgAAAEAiKgAAAACJqAAAAAAkogIAAACQiAoAAABAIioAAAAAiagAAAAAJKICAAAAkIgKAAAAQCIqAAAAAImoAAAAACSiAgAAAJCICgAAAEAiKgAAAACJqAAAAAAkogIAAACQiAoAAABAIioAAAAAiagAAAAAJKICAAAAkIgKAAAAQCIqAAAAAImoAAAAACSiAgAAAJCICgAAAEAiKgAAAACJqAAAAAAkogIAAACQiAoAAABAIioAAAAAiagAAAAAJKICAAAAkIgKAAAAQCIqAAAAAImoAAAAACSiAgAAAJCICgAAAEAiKgAAAACJqAAAAAAkogIAAACQiAoAAABAIioAAAAAiagAAAAAAAAAAAAAAAAAAAAAAAAAAAAAAAAAAAAAAAAAAAAAAAAAAAAAAAAAAAAAAAAAAAAAAAAAAAAAAAAAAAAAAAAAAAAAAAAAAAAAAAAAAAAAAAAAAAAAAAAAAAAAAAAAAAAAAAAAAAAAAAAAAAAAAAAAAAAAAAAAAAAAAAAAAAAAAAAAAAAAAAAAAAAAAAAAAAAAAAAAAAAAAAAAAAAAAAAAAAAAAAAAAAAAAAAAAAAAAAAAAAAAAAAAAAAAAAAAAAAAAAAAAAAAAAAAAAAAAAAAAAAAAAAAAAAAAAAAAAAAAAAAAAAAAAAAAAAAAAAAAAAAAAAAAAAAAAAAAAAAAAAAAAAAAAAAAAAAAAAAAAAAAAAAAAAAAAAAAAAAAAAAAAAAAAAAAAAAAAAAAAAAAAAAAAAAAAAAAAAAAAAAAAAAAAAAAAAAAAAAAAAAAAAAAAAAAAAAAAAAAAAAAAAAAAAAAAAAAAAAAAAAAAAAAAAAAAAAAAAAAAAAAAAAAAAAAAAAAAAAAAAAAAAAAAAAAAAAAAAAAAAAAAAAAAAAAAAAAAAAAAAAAAAAAAAAAAAAAAAAAAAAAAAAAAAAAAAAAAAAAAAAAAAAAAAAAAAAAAAAAAAAAAAAAAAAAAAAAAAAAAAAAAAAAAAAAAAAAAAAAAAAAAAAAAAAAAAAAAAAAAAAAAAAAAAAAAAAAAAAAAAAAAAAAAAAAAAAAAAAAAAAAAAAAAAAAAAAAAAAAAAAAAAAAAAAAAAAAAAAAAAAAAAAAAAAAAAAAAAAAAAAAAAAAAAAAAAAAAAAAAAAAAAAAAAAAAAAAAAAAAAAAAAAAAAAAAAAAAAAAAAAAAAAAAAAAAAAAAAAAAAAAAAAAAAAAAAAAAAAAAAAAAAAAAAAAAAAAAAAAAAAAAAAAAAAAAAAAAAAAAAAAAAAAAAAAAAAAAAAAAAAAAAAAAAAAAAAAAAAAAAAAAAAAAAAAAAAAAAAAAAAAAAAAAAAAAAAAAAAAAAAAAAAAAAAAAAAAAAAAAAAAAAAAAAAAAAAAAAAAAAAAAAAAAAAAAAAAAAAAAAAAAAAAAAAAAAAAAAAAAAA8KATEvYEkH4gEtgAAAAASUVORK5CYII="`;

exports[`Check the rendering DrawableRectangle Add a rectangle to canvas Draw rectangle with xCenter = 600, yCenter = 400 having width = 300, height = 100 and orange color 1`] = `"data:image/png;base64,iVBORw0KGgoAAAANSUhEUgAABBUAAAJYCAYAAAA9l96PAAAABmJLR0QA/wD/AP+gvaeTAAAKjElEQVR4nO3YQQ2AQBAEwQWb6EMnWCD9OQhVCuY56RkAAAAAAAAAAAAAAAAAAAAAAAAAAAAAAAAAAAAAAAAAAAAAAAAAAAAAAAAAAAAAAAAAAAAAAAAAAAAAAAAAAAAAAAAAAAAAAAAAAAAAAAAAAAAAAAAAAAAAAAAAAAAAAAAAAAAAAAAAAAAAAAAAAAAAAAAAAAAAAAAAAAAAAAAAAAAAAAAAAAAAAAAAAAAAAAAAAAAAAAAAAAAAAAAAAAAAAAAAAAAAAAAAAAAAAAAAAAAAAAAAAAAAAAAAAAAAAAAAAAAAAAAAAAAAAAAAAAAAAAAAAAAAAAAAAAAAAAAAAAAAAAAAAAAAAAAAAAAAAAAAAAAAAAAAAAAAAAAAAAAAAAAAAAAAAAAAAAAAAAAAAAAAAAAAAAAAAAAAAAAAAAAAAAAAAAAAAAAAAAAAAAAAAAAAAAAAAAAAAAAAAAAAAAAAAAAAAAAAAAAAAAAAAAAAAAAAAAAAAAAAAAAAAAAAAAAAAAAAAAAAAAAAAAAAAAAAAAAAAAAAAAAAAAAAAAAAAAAAAAAAAAAAAAAAAAAAAAAAAAAAAAAAAAAAAAAAAAAAAAAAAAAAAAAAAAAAAAAAAAAAAAAAAAAAAAAAAAAAAAAAAAAAAAAAAAAAAAAAAAAAAAAAAAAAAAAAAAAAAAAAAAAAAAAAAAAAAAAAAAAAAAAAAAAAAAAAAAAAAAAAAAAAAAAAAAAAAAAAAAAAAAAAAAAAAAAAAAAAAAAAAAAAAAAAAAAAAAAAAAAAAAAAAAAAAAAAAAAAAAAAAAAAAAAAAAAAAAAAAAAAAAAAAAAAAAAAAAAAAAAAAAAAAAAAAAAAAAAAAAAAAAAAAAAAAAAAAAAAAAAAAAAAAAAAAAAAAAAAAAAAAAAAAAAAAAAAAAAAAAAAAAAAAAAAAAAAAAAAAAAAAAAAAAAAAAAAAAAAAAAAAAAAAAAAAAAAAAAAAAAAAAAAAAAAAAAAAAAAAAAAAAAAAAAAAAAAAAAAAAAAAAAAAAAAAAAAAAAAAAAAAAAAAAAAAAAAAAAAAAAAAAAAAAAAAAAAAAAAAAAAAAAAAAAAAAAAAAAAAAAAAAAAAAAAAAAAAAAAAAAAAAAAAAAAAAAAAAAAAAAAAAAAAAAAAAAAAAAAAAAAAAAAAAAAAAAAAAAAAAAAAAAAAAAAAAAAAAAAAAAAAAAAAAAAAAAAAAAAAAAAAAAAAAAAAAAAAAAAAAAAAAAAAAAAAAAAAAAAAAAAAAAAAAAAAAAAAAAAAAAAAAAAAAAAAAAAAAAAAAAAAAAAAAAAAAAAAAAAAAAAAAAAAAAAAAAAAAAAAAAAAAAAAAAAAAAAAAAAAAAAAAAAAAAAAAAAAAAAAAAAAAAAAAAAAAAAAAAAAAAAAAAAAAAAAAAAAAAAAAAAAAAAAAAAAAAAAAAAAAAAAAAAAAAAAAAAAAAAAAAAAAAAAAAAAAAAAAAAAAAAAAAAAAAAAAAAAAAAAAAAAAAAAAAAAAAAAAAAAAAAAAAAAAAAAAAAAAAAAAAAAAAAAAAAAAAAAAAAAAAAAAAAAAAAAAAAAAAAAAAAAAAAAAAAAAAAAAAAAAAAAAAAAAAAAAAAAAAAAAAAAAAAAAAAAAAAAAAAAAAAAAAAAAAAAAAAAAAAAAAAAAAAAAAAAAAAAAAAAAAAAAAAAAAAAAAAAAAAAAAAAAAAAAAAAAAAAAAAAAAAAAAAAAAAAAAAAAAAAAAAAAAAAAAAAAAAAAAAAAAAAAAAAAAAAAAAAAAAAAAAAAAAAAAAAAAAAAAAAAAAAAAAAAAAAAAAAAAAAAAAAAAAAAAAAAAAAAAAAAAAAAAAAAAAAAAAAAAAAAAAAAAAAAAAAAAAAAAAAAAAAAAAAAAAAAAAAAAAAAAAAAAAAAAAAAAAAAAAAAAAAAAAAAAA4B+21QMAYKXrnGv1BoAntsN3B95nXz0AAAAA+CZRAQAAAEhEBQAAACARFQAAAIBEVAAAAAASUQEAAABIRAUAAAAgERUAAACARFQAAAAAElEBAAAASEQFAAAAIBEVAAAAgERUAAAAABJRAQAAAEhEBQAAACARFQAAAIBEVAAAAAASUQEAAABIRAUAAAAgERUAAACARFQAAAAAElEBAAAASEQFAAAAIBEVAAAAgERUAAAAABJRAQAAAEhEBQAAACARFQAAAIBEVAAAAAASUQEAAABIRAUAAAAgERUAAACARFQAAAAAElEBAAAASEQFAAAAIBEVAAAAgERUAAAAABJRAQAAAEhEBQAAACARFQAAAIBEVAAAAAASUQEAAABIRAUAAAAgERUAAACARFQAAAAAElEBAAAASEQFAAAAIBEVAAAAgERUAAAAABJRAQAAAEhEBQAAACARFQAAAIBEVAAAAAASUQEAAABIRAUAAAAgERUAAACARFQAAAAAElEBAAAASEQFAAAAIBEVAAAAgERUAAAAABJRAQAAAEhEBQAAACARFQAAAIBEVAAAAAASUQEAAABIRAUAAAAgERUAAACARFQAAAAAElEBAAAASEQFAAAAIBEVAAAAgERUAAAAABJRAQAAAEhEBQAAACARFQAAAIBEVAAAAAASUQEAAABIRAUAAAAgERUAAACARFQAAAAAElEBAAAASEQFAAAAIBEVAAAAgERUAAAAABJRAQAAAEhEBQAAACARFQAAAIBEVAAAAAASUQEAAABIRAUAAAAgERUAAACARFQAAAAAElEBAAAASEQFAAAAIBEVAAAAgERUAAAAABJRAQAAAEhEBQAAAAAAAAAAAAAAAAAAAAAAAAAAAAAAAAAAAAAAAAAAAAAAAAAAAAAAAAAAAAAAAAAAAAAAAAAAAAAAAAAAAAAAAAAAAAAAAAAAAAAAAAAAAAAAAAAAAAAAAAAAAAAAAAAAAAAAAAAAAAAAAAAAAAAAAAAAAAAAAAAAAAAAAAAAAAAAAAAAAAAAAAAAAAAAAAAAAAAAAAAAAAAAAAAAAAAAAAAAAAAAAAAAAAAAAAAAAAAAAAAAAAAAAAAAAAAAAAAAAAAAAAAAAAAAAAAAAAAAAAAAAAAAAAAAAAAAAAAAAAAAAAAAAAAAAAAAAAAAAAAAAAAAAAAAAAAAAAAAAAAAAAAAAAAAAAAAAAAAAAAAAAAAAAAAAAAAAAAAAAAAAAAAAAAAAAAAAAAAAAAAAAAAAAAAAAAAAAAAAAAAAAAAAAAAAAAAAAAAAAAAAAAAAAAAAAAAAAAAAAAAAAAAAAAAAAAAAAAAAAAAAAAAAAAAAAAAAAAAAAAAAAAAAAAAAAAAAAAAAAAAAAAAAAAAAAAAAAAAAAAAAAAAAAAAAAAAAAAAAAAAAAAAAAAAAAAAAAAAAAAAAAAAAAAAAAAAAAAAAAAAAAAAAAAAAAAAAAAAAAAAAAAAAAAAAAAAAAAAAAAAAAAAAAAAAAAAAAAAAAAAAAAAAAAAAAAAAAAAAAAAAAAAAAAAAAAAAAAAAAAAAAAAAAAAAAAAAAAAAAAAAAAAAAAAAAAAAAAAAAAAAAAAAAAAAAAAAAAAAAAAAAAAAAAAAAAAAAAAAAAAAAAAAAAAAAAAAAAAAAAAAAAAAAAAAAAAmJmZGy2AA8jzU6UQAAAAAElFTkSuQmCC"`;
